BB3L       -45.24999703  168.74999626     0.019
BDQ7       -41.24999719  174.74999764     0.021
BDQ8       -38.24999710 -178.75000551     0.020
BDQ8A      -38.24999867  178.75000044     0.020
BDQ9       -38.24999629  171.75000029     0.021
POINT1     -35.36610135  173.43094461     0.021
POINT2     -36.87070244  174.68795346     0.021
POINT3     -38.35625760  175.03077421     0.020
POINT4     -39.21331108  176.95437801     0.020
POINT5     -39.19426348  173.96422102     0.020
POINT6     -40.01322409  175.62118588     0.021
POINT7     -41.42259759  176.09732218     0.019
POINT8     -40.60363644  173.35476144     0.021
POINT9     -42.12728323  171.46924851     0.018
POINT10    -42.33678475  172.70721000     0.022
POINT11    -43.80329556  172.95480128     0.007
POINT12    -43.17479018  170.47887788     0.017
POINT13    -44.33657219  171.33592609     0.024
POINT14    -45.86021832  170.38364695     0.019
POINT15    -43.80329447  169.48850732     0.020
POINT16    -45.23171315  167.08876226     0.027
POINT17    -46.71727030  168.74572706     0.018
POINT18    -47.15531805  167.45062702     0.020
POINT19    -37.82298182  176.44014728     0.020
POINT20    -38.81335219  176.07828154     0.020
POINT21    -37.46111687  177.52574569     0.021
POINT22    -42.85101627  174.40226450     0.022
POINT23    -42.33678408  169.41232598     0.019
POINT24    -45.95544629  171.86920230     0.019
POINT25    -43.59379288  166.34598696     0.022
POINT26    -46.60299491  166.07934586     0.010
