BB3L       -45.24999704  168.74999646     0.000
BDQ7       -41.24999718  174.74999783     0.001
BDQ8       -38.24999707 -178.75000532     0.000
BDQ8A      -38.24999865  178.75000063     0.000
BDQ9       -38.24999628  171.75000047     0.000
POINT1     -35.36610133  173.43094479     0.000
POINT2     -36.87070242  174.68795364     0.000
POINT3     -38.35625759  175.03077439     0.000
POINT4     -39.21331106  176.95437820     0.000
POINT5     -39.19426347  173.96422121     0.000
POINT6     -40.01322407  175.62118607     0.000
POINT7     -41.42259758  176.09732238    -0.001
POINT8     -40.60363643  173.35476163     0.000
POINT9     -42.12728323  171.46924870    -0.002
POINT10    -42.33678474  172.70721019     0.002
POINT11    -43.80329556  172.95480148    -0.012
POINT12    -43.17479018  170.47887808    -0.002
POINT13    -44.33657219  171.33592628     0.005
POINT14    -45.86021832  170.38364715     0.000
POINT15    -43.80329448  169.48850752     0.000
POINT16    -45.23171316  167.08876246     0.008
POINT17    -46.71727031  168.74572726    -0.001
POINT18    -47.15531806  167.45062722     0.001
POINT19    -37.82298180  176.44014746     0.000
POINT20    -38.81335218  176.07828173     0.000
POINT21    -37.46111685  177.52574587     0.000
POINT22    -42.85101626  174.40226470     0.002
POINT23    -42.33678408  169.41232617    -0.001
POINT24    -45.95544629  171.86920251     0.000
POINT25    -43.59379289  166.34598715     0.002
POINT26    -46.60299492  166.07934606    -0.009
