BB3L     -619310.537663  4884948.840962 SS 7K 22 SO 30955
BDQ7     -193057.570461  5397250.365568 RM IV DP 67708
BDQ8      127374.290092  5754083.391697 SS 6K18 SO 32647
BDQ8A     127374.290092  5754083.391697 4    SS 6K18 SO 32647
BDQ9     -485420.032929  5701497.714335 SS 3J26 SO 32645
NOTNZ   -5596640.862145  6548882.336932 SS 3J26 SO 32645
TEST     -611288.890756  5490436.432942 Test
**** Error reading data for point TEST2 ****  TEST2  40 80 00.000000 S 170 00 00.000000 E     0.0000 Test
**** Error reading data for point TEST2 ****  TEST2  40 00.000000 S 170 00 00.000000 E     0.0000 Test
**** Error reading data for point TEST ****  TEST   40 00 00.000000 S 170 00 00.000000 E     Test
