BB3L       -45.25000025  168.75000092     0.016
BDQ7       -41.25000049  174.74999979     0.015
BDQ8       -38.25000031 -178.75000013     0.011
BDQ8A      -38.25000031  178.74999986     0.011
BDQ9       -38.25000030  171.74999983     0.012
POINT1     -35.36610531  173.43094385     0.010
POINT2     -36.87070631  174.68795285     0.011
POINT3     -38.35626131  175.03077385     0.012
POINT4     -39.21331331  176.95437785     0.012
POINT5     -39.19426730  173.96422084     0.012
POINT6     -40.01322732  175.62118686     0.013
POINT7     -41.42260031  176.09732591     0.012
POINT8     -40.60364034  173.35476182     0.015
POINT9     -42.12728728  171.46924880     0.014
POINT10    -42.33678834  172.70721178     0.017
POINT11    -43.80329856  172.95480553     0.003
POINT12    -43.17479426  170.47887882     0.015
POINT13    -44.33657519  171.33593012     0.021
POINT14    -45.86022133  170.38365124     0.015
POINT15    -43.80329827  169.48850897     0.018
POINT16    -45.23171638  167.08876834     0.121
POINT17    -46.71727347  168.74573140     0.017
POINT18    -47.15532126  167.45063091     0.029
POINT19    -37.82298531  176.44014685     0.011
POINT20    -38.81335531  176.07828085     0.012
POINT21    -37.46111931  177.52574486     0.011
POINT22    -42.85101929  174.40226890     0.017
POINT23    -42.33678828  169.41232585     0.017
POINT24    -45.95544931  171.86920703     0.016
POINT25    -43.59379723  166.34598691     0.027
POINT26    -46.60299613  166.07934885    -0.032
