BB3L       -45.24999773  168.74999718     0.042
BDQ7       -41.24999783  174.74999849     0.046
BDQ8       -38.24999766 -178.75000471     0.047
BDQ8A      -38.24999926  178.75000124     0.047
BDQ9       -38.24999698  171.75000106     0.047
POINT1     -35.36610204  173.43094533     0.049
POINT2     -36.87070310  174.68795421     0.048
POINT3     -38.35625825  175.03077499     0.047
POINT4     -39.21331169  176.95437882     0.047
POINT5     -39.19426414  173.96422182     0.047
POINT6     -40.01322472  175.62118671     0.047
POINT7     -41.42259821  176.09732304     0.044
POINT8     -40.60363710  173.35476227     0.046
POINT9     -42.12728391  171.46924936     0.043
POINT10    -42.33678541  172.70721087     0.047
POINT11    -43.80329621  172.95480219     0.031
POINT12    -43.17479087  170.47887876     0.042
POINT13    -44.33657285  171.33592700     0.048
POINT14    -45.86021899  170.38364790     0.042
POINT15    -43.80329517  169.48850821     0.043
POINT16    -45.23171387  167.08876316     0.050
POINT17    -46.71727099  168.74572802     0.041
POINT18    -47.15531875  167.45062798     0.042
POINT19    -37.82298245  176.44014806     0.048
POINT20    -38.81335282  176.07828234     0.047
POINT21    -37.46111749  177.52574646     0.048
POINT22    -42.85101690  174.40226539     0.047
POINT23    -42.33678479  169.41232683     0.044
POINT24    -45.95544694  171.86920326     0.042
POINT25    -43.59379362  166.34598782     0.045
POINT26    -46.60299563  166.07934679     0.032
