BB3L    -1089106.004431  4781001.777859 SS 7K 22 SO 30955
BDQ7     -696753.349230  5330944.777344 RM IV DP 67708
BDQ8     -398399.948754  5712537.434974 SS 6K18 SO 32647
BDQ8A    -398399.948754  5712537.434974 4    SS 6K18 SO 32647
BDQ9    -1013766.490104  5618227.683428 SS 3J26 SO 32645
NOTNZ   -6491109.770247  6111753.980728 SS 3J26 SO 32645
TEST    -1126638.683986  5395323.876095 Test
**** Error reading data for point TEST2 ****  TEST2  40 80 00.000000 S 170 00 00.000000 E     0.0000 Test
**** Error reading data for point TEST2 ****  TEST2  40 00.000000 S 170 00 00.000000 E     0.0000 Test
**** Error reading data for point TEST ****  TEST   40 00 00.000000 S 170 00 00.000000 E     Test
