BB3L       -45.25000016  168.75000087     0.004
BDQ7       -41.25000028  174.74999986    -0.007
BDQ8       -38.25000021 -178.75000018    -0.003
BDQ8A      -38.25000021  178.74999981    -0.001
BDQ9       -38.25000020  171.74999979     0.000
POINT1     -35.36610520  173.43094380    -0.001
POINT2     -36.87070620  174.68795280     0.001
POINT3     -38.35626120  175.03077380     0.005
POINT4     -39.21331321  176.95437780     0.003
POINT5     -39.19426720  173.96422079     0.009
POINT6     -40.01322721  175.62118681     0.012
POINT7     -41.42260021  176.09732586    -0.009
POINT8     -40.60364023  173.35476177     0.020
POINT9     -42.12728718  171.46924875    -0.018
POINT10    -42.33678835  172.70720823     0.021
POINT11    -43.80329846  172.95480548     0.013
POINT12    -43.17479416  170.47887876     0.001
POINT13    -44.33657510  171.33593006     0.016
POINT14    -45.86022124  170.38365119     0.004
POINT15    -43.80329817  169.48850892     0.006
POINT16    -45.23171628  167.08876828     0.107
POINT17    -46.71727338  168.74573135     0.005
POINT18    -47.15532116  167.45063085     0.016
POINT19    -37.82298520  176.44014680     0.002
POINT20    -38.81335520  176.07828080     0.005
POINT21    -37.46111920  177.52574481     0.000
POINT22    -42.85101919  174.40226885     0.009
POINT23    -42.33678818  169.41232580    -0.002
POINT24    -45.95544922  171.86920697     0.007
POINT25    -43.59379713  166.34598686     0.013
POINT26    -46.60299604  166.07934880    -0.046
