BB3L       -45.24999689  168.74999626    -0.007
BDQ7       -41.24999704  174.74999764    -0.004
BDQ8       -38.24999694 -178.75000550    -0.004
BDQ8A      -38.24999851  178.75000044    -0.004
BDQ9       -38.24999613  171.75000029    -0.003
POINT1     -35.36610118  173.43094461    -0.002
POINT2     -36.87070228  174.68795346    -0.003
POINT3     -38.35625744  175.03077421    -0.003
POINT4     -39.21331092  176.95437801    -0.004
POINT5     -39.19426333  173.96422102    -0.004
POINT6     -40.01322393  175.62118588    -0.004
POINT7     -41.42259744  176.09732218    -0.006
POINT8     -40.60363629  173.35476144    -0.004
POINT9     -42.12728309  171.46924850    -0.007
POINT10    -42.33678460  172.70721000    -0.003
POINT11    -43.80329542  172.95480128    -0.018
POINT12    -43.17479004  170.47887788    -0.008
POINT13    -44.33657205  171.33592608    -0.001
POINT14    -45.86021818  170.38364695    -0.007
POINT15    -43.80329433  169.48850732    -0.006
POINT16    -45.23171301  167.08876226     0.001
POINT17    -46.71727017  168.74572706    -0.008
POINT18    -47.15531791  167.45062702    -0.006
POINT19    -37.82298166  176.44014728    -0.003
POINT20    -38.81335204  176.07828154    -0.004
POINT21    -37.46111671  177.52574569    -0.003
POINT22    -42.85101612  174.40226450    -0.003
POINT23    -42.33678394  169.41232598    -0.006
POINT24    -45.95544616  171.86920230    -0.007
POINT25    -43.59379274  166.34598696    -0.004
POINT26    -46.60299477  166.07934586    -0.016
