
concord: Vertical datum codes are:
  NZVD09     New Zealand Geoid 2009
  OFFSET1    Offset 1
  OFFSET2    Offset 2
  GRIDOFFSET Test grid offset

