BB3L       -45.24999685  168.74999625    -0.015
BDQ7       -41.24999700  174.74999763    -0.012
BDQ8       -38.24999690 -178.75000551    -0.012
BDQ8A      -38.24999847  178.75000043    -0.012
BDQ9       -38.24999609  171.75000028    -0.011
POINT1     -35.36610114  173.43094461    -0.010
POINT2     -36.87070224  174.68795345    -0.011
POINT3     -38.35625740  175.03077420    -0.012
POINT4     -39.21331088  176.95437800    -0.012
POINT5     -39.19426329  173.96422101    -0.012
POINT6     -40.01322390  175.62118587    -0.012
POINT7     -41.42259740  176.09732217    -0.014
POINT8     -40.60363625  173.35476143    -0.012
POINT9     -42.12728305  171.46924850    -0.015
POINT10    -42.33678457  172.70720999    -0.012
POINT11    -43.80329538  172.95480127    -0.027
POINT12    -43.17479000  170.47887787    -0.016
POINT13    -44.33657201  171.33592607    -0.010
POINT14    -45.86021814  170.38364694    -0.015
POINT15    -43.80329429  169.48850731    -0.014
POINT16    -45.23171298  167.08876225    -0.007
POINT17    -46.71727013  168.74572705    -0.016
POINT18    -47.15531788  167.45062701    -0.015
POINT19    -37.82298162  176.44014727    -0.011
POINT20    -38.81335200  176.07828153    -0.012
POINT21    -37.46111667  177.52574568    -0.011
POINT22    -42.85101609  174.40226449    -0.012
POINT23    -42.33678390  169.41232597    -0.014
POINT24    -45.95544612  171.86920229    -0.016
POINT25    -43.59379270  166.34598695    -0.012
POINT26    -46.60299474  166.07934585    -0.025
