BB3L       -45.24999991  168.75000108    -0.009
BDQ7       -41.25000013  174.74999991    -0.005
BDQ8       -38.24999995 -178.75000004    -0.006
BDQ8A      -38.24999994  178.74999997    -0.006
BDQ9       -38.24999994  171.74999997    -0.006
POINT1     -35.36610494  173.43094397    -0.005
POINT2     -36.87070594  174.68795297    -0.006
POINT3     -38.35626094  175.03077397    -0.006
POINT4     -39.21331294  176.95437797    -0.006
POINT5     -39.19426694  173.96422097    -0.006
POINT6     -40.01322695  175.62118698    -0.006
POINT7     -41.42259995  176.09732603    -0.008
POINT8     -40.60363998  173.35476195    -0.005
POINT9     -42.12728692  171.46924894    -0.007
POINT10    -42.33678799  172.70721192    -0.004
POINT11    -43.80329821  172.95480567    -0.019
POINT12    -43.17479391  170.47887896    -0.008
POINT13    -44.33657484  171.33593026    -0.003
POINT14    -45.86022099  170.38365139    -0.010
POINT15    -43.80329792  169.48850912    -0.005
POINT16    -45.23171604  167.08876850     0.095
POINT17    -46.71727313  168.74573156    -0.009
POINT18    -47.15532092  167.45063107     0.002
POINT19    -37.82298494  176.44014697    -0.006
POINT20    -38.81335494  176.07828097    -0.006
POINT21    -37.46111894  177.52574497    -0.006
POINT22    -42.85101893  174.40226903    -0.004
POINT23    -42.33678793  169.41232600    -0.006
POINT24    -45.95544896  171.86920717    -0.009
POINT25    -43.59379688  166.34598707     0.003
POINT26    -46.60299579  166.07934902    -0.058
