BB3L       -45.25002555  168.74984562     3.690
BDQ7       -41.25002792  174.74984739     3.493
BDQ8       -38.25002951 -178.75015545     3.353
BDQ8A      -38.25003098  178.74985045     3.335
BDQ9       -38.25002833  171.74985016     3.287
POINT1     -35.36613477  173.43079470     3.113
POINT2     -36.87073523  174.68780348     3.219
POINT3     -38.35628972  175.03062414     3.316
POINT4     -39.21334287  176.95422793     3.383
POINT5     -39.19429517  173.96407088     3.361
POINT6     -40.01325545  175.62103572     3.424
POINT7     -41.42262828  176.09717195     3.511
POINT8     -40.60366743  173.35461120     3.445
POINT9     -42.12731341  171.46909813     3.523
POINT10    -42.33681487  172.70705963     3.547
POINT11    -43.80332495  172.95465083     3.620
POINT12    -43.17481981  170.47872741     3.578
POINT13    -44.33660125  171.33577556     3.658
POINT14    -45.86024657  170.38349631     3.734
POINT15    -43.80332375  169.48835679     3.611
POINT16    -45.23174162  167.08861158     3.687
POINT17    -46.71729806  168.74557632     3.772
POINT18    -47.15534553  167.45047622     3.791
POINT19    -37.82301424  176.43999727     3.292
POINT20    -38.81338414  176.07813147     3.352
POINT21    -37.46114951  177.52559573     3.277
POINT22    -42.85104619  174.40211414     3.588
POINT23    -42.33681409  169.41217554     3.523
POINT24    -45.95547454  171.86905169     3.749
POINT25    -43.59382216  166.34583637     3.582
POINT26    -46.60302264  166.07919506     3.742
