BB3L       -45.24999731  168.74999634     0.051
BDQ7       -41.24999748  174.74999772     0.050
BDQ8       -38.24999740 -178.75000541     0.048
BDQ8A      -38.24999897  178.75000053     0.048
BDQ9       -38.24999659  171.75000037     0.049
POINT1     -35.36610165  173.43094470     0.047
POINT2     -36.87070274  174.68795355     0.048
POINT3     -38.35625790  175.03077429     0.049
POINT4     -39.21331137  176.95437810     0.049
POINT5     -39.19426378  173.96422110     0.049
POINT6     -40.01322438  175.62118597     0.050
POINT7     -41.42259788  176.09732227     0.049
POINT8     -40.60363673  173.35476152     0.050
POINT9     -42.12728352  171.46924859     0.048
POINT10    -42.33678504  172.70721008     0.052
POINT11    -43.80329584  172.95480136     0.038
POINT12    -43.17479046  170.47887796     0.048
POINT13    -44.33657247  171.33592617     0.056
POINT14    -45.86021859  170.38364703     0.051
POINT15    -43.80329475  169.48850740     0.051
POINT16    -45.23171343  167.08876233     0.059
POINT17    -46.71727058  168.74572714     0.051
POINT18    -47.15531831  167.45062709     0.053
POINT19    -37.82298212  176.44014737     0.048
POINT20    -38.81335249  176.07828163     0.049
POINT21    -37.46111717  177.52574578     0.048
POINT22    -42.85101655  174.40226459     0.053
POINT23    -42.33678437  169.41232606     0.049
POINT24    -45.95544657  171.86920238     0.051
POINT25    -43.59379316  166.34598704     0.053
POINT26    -46.60299518  166.07934593     0.043
