BB3L      45 17 15.9380 S  168 43 26.4758 E   154.011 SS 7K 22 SO 30955
BDQ7      41 16 40.8964 S  174 43 41.1843 E   290.509 RM IV DP 67708
BDQ8      38 17 02.3872 S  181 15 34.9990 W   181.837 SS 6K18 SO 32647
BDQ8A     38 17 02.3872 S  178 44 25.0010 E   181.837 4    SS 6K18 SO 32647
BDQ9      38 17 27.7616 S  171 44 53.3912 E   257.946 SS 3J26 SO 32645
NOTNZ     20 17 27.7616 S  130 44 53.3912 E   257.946 SS 3J26 SO 32645
TEST      40 00 00.0000 S  170 00 00.0000 E     0.350 Test
**** Error reading data for point TEST2 ****  TEST2  40 80 00.000000 S 170 00 00.000000 E     0.0000 Test
**** Error reading data for point TEST2 ****  TEST2  40 00.000000 S 170 00 00.000000 E     0.0000 Test
**** Error reading data for point TEST ****  TEST   40 00 00.000000 S 170 00 00.000000 E     Test
