
Reference frame BAD2 has a cyclic base reference frame dependency
Line: 11  File: cstest/coordsys.def
Cannot load reference frame BAD4
Line: 11  File: cstest/coordsys.def
These are bad coordinate systems - they are not properly defined...
Various problems, non-existent, cyclic, no base ref frame
etc ...
