BB3L       -45.24999996  168.75000111    -0.001
BDQ7       -41.25000018  174.74999995     0.001
BDQ8       -38.25000000 -178.75000000     0.000
BDQ8A      -38.25000000  178.75000000     0.000
BDQ9       -38.25000000  171.75000000     0.000
POINT1     -35.36610500  173.43094400     0.000
POINT2     -36.87070600  174.68795300     0.000
POINT3     -38.35626100  175.03077400     0.000
POINT4     -39.21331300  176.95437800     0.000
POINT5     -39.19426700  173.96422100     0.000
POINT6     -40.01322701  175.62118702     0.000
POINT7     -41.42260000  176.09732607    -0.001
POINT8     -40.60364003  173.35476198     0.001
POINT9     -42.12728698  171.46924897     0.000
POINT10    -42.33678804  172.70721195     0.003
POINT11    -43.80329826  172.95480571    -0.012
POINT12    -43.17479396  170.47887900    -0.001
POINT13    -44.33657490  171.33593030     0.005
POINT14    -45.86022104  170.38365143    -0.002
POINT15    -43.80329798  169.48850916     0.003
POINT16    -45.23171609  167.08876854     0.103
POINT17    -46.71727318  168.74573160    -0.001
POINT18    -47.15532097  167.45063111     0.010
POINT19    -37.82298500  176.44014700     0.000
POINT20    -38.81335500  176.07828100     0.000
POINT21    -37.46111900  177.52574500     0.000
POINT22    -42.85101899  174.40226907     0.003
POINT23    -42.33678798  169.41232603     0.001
POINT24    -45.95544902  171.86920721    -0.001
POINT25    -43.59379694  166.34598711     0.011
POINT26    -46.60299585  166.07934906    -0.050
