BB3L       -45.24999989  168.75000106    -0.020
BDQ7       -41.25000011  174.74999990    -0.016
BDQ8       -38.24999992 -178.75000005    -0.016
BDQ8A      -38.24999992  178.74999995    -0.016
BDQ9       -38.24999992  171.74999995    -0.016
POINT1     -35.36610491  173.43094396    -0.016
POINT2     -36.87070592  174.68795296    -0.016
POINT3     -38.35626092  175.03077395    -0.016
POINT4     -39.21331292  176.95437795    -0.017
POINT5     -39.19426692  173.96422095    -0.017
POINT6     -40.01322693  175.62118697    -0.016
POINT7     -41.42259993  176.09732602    -0.018
POINT8     -40.60363996  173.35476193    -0.016
POINT9     -42.12728690  171.46924892    -0.018
POINT10    -42.33678797  172.70721190    -0.015
POINT11    -43.80329819  172.95480565    -0.030
POINT12    -43.17479389  170.47887895    -0.019
POINT13    -44.33657482  171.33593025    -0.013
POINT14    -45.86022097  170.38365138    -0.021
POINT15    -43.80329790  169.48850911    -0.016
POINT16    -45.23171602  167.08876848     0.085
POINT17    -46.71727311  168.74573155    -0.020
POINT18    -47.15532090  167.45063106    -0.009
POINT19    -37.82298492  176.44014695    -0.016
POINT20    -38.81335492  176.07828095    -0.016
POINT21    -37.46111892  177.52574496    -0.016
POINT22    -42.85101891  174.40226902    -0.015
POINT23    -42.33678791  169.41232598    -0.016
POINT24    -45.95544894  171.86920716    -0.020
POINT25    -43.59379686  166.34598706    -0.007
POINT26    -46.60299577  166.07934901    -0.069
