
Reference frame BAD2 has a cyclic base reference frame dependency
Line: 11  File: cstest/coordsys.def
Cannot load reference frame BAD2
Line: 11  File: cstest/coordsys.def
This is bad coordinate system 2
