BB3L    -1557517.055416  4637625.317058 SS 7K 22 SO 30955
BDQ7    -1201760.419422  5227222.024507 RM IV DP 67708
BDQ8     -926341.401864  5635357.802292 SS 6K18 SO 32647
BDQ8A    -926341.401864  5635357.802292 4    SS 6K18 SO 32647
BDQ9    -1545344.683602  5496505.668346 SS 3J26 SO 32645
NOTNZ   -7459306.236227  5534145.028075 SS 3J26 SO 32645
TEST    -1644180.116237  5260710.090785 Test
**** Error reading data for point TEST2 ****  TEST2  40 80 00.000000 S 170 00 00.000000 E     0.0000 Test
**** Error reading data for point TEST2 ****  TEST2  40 00.000000 S 170 00 00.000000 E     0.0000 Test
**** Error reading data for point TEST ****  TEST   40 00 00.000000 S 170 00 00.000000 E     Test
