BB3L       -45.24999714  168.74999642    -0.004
BDQ7       -41.24999728  174.74999780    -0.004
BDQ8       -38.24999718 -178.75000534    -0.006
BDQ8A      -38.24999875  178.75000061    -0.006
BDQ9       -38.24999638  171.75000043    -0.006
POINT1     -35.36610143  173.43094476    -0.006
POINT2     -36.87070252  174.68795361    -0.006
POINT3     -38.35625769  175.03077436    -0.006
POINT4     -39.21331116  176.95437817    -0.006
POINT5     -39.19426357  173.96422117    -0.005
POINT6     -40.01322418  175.62118604    -0.005
POINT7     -41.42259768  176.09732235    -0.006
POINT8     -40.60363653  173.35476160    -0.005
POINT9     -42.12728333  171.46924866    -0.006
POINT10    -42.33678485  172.70721015    -0.003
POINT11    -43.80329566  172.95480144    -0.017
POINT12    -43.17479028  170.47887804    -0.007
POINT13    -44.33657229  171.33592624     0.001
POINT14    -45.86021842  170.38364711    -0.004
POINT15    -43.80329458  169.48850747    -0.004
POINT16    -45.23171326  167.08876241     0.004
POINT17    -46.71727041  168.74572722    -0.004
POINT18    -47.15531816  167.45062717    -0.003
POINT19    -37.82298190  176.44014744    -0.006
POINT20    -38.81335228  176.07828170    -0.006
POINT21    -37.46111695  177.52574585    -0.006
POINT22    -42.85101636  174.40226467    -0.002
POINT23    -42.33678418  169.41232613    -0.005
POINT24    -45.95544639  171.86920247    -0.004
POINT25    -43.59379299  166.34598710    -0.002
POINT26    -46.60299502  166.07934601    -0.013
