BB3L       -45.25000031  168.75000147     0.026
BDQ7       -41.25000050  174.75000026     0.030
BDQ8       -38.25000028 -178.74999973     0.029
BDQ8A      -38.25000030  178.75000027     0.029
BDQ9       -38.25000036  171.75000027     0.029
POINT1     -35.36610535  173.43094424     0.030
POINT2     -36.87070634  174.68795326     0.029
POINT3     -38.35626133  175.03077427     0.029
POINT4     -39.21331331  176.95437829     0.029
POINT5     -39.19426733  173.96422128     0.029
POINT6     -40.01322733  175.62118731     0.029
POINT7     -41.42260031  176.09732639     0.027
POINT8     -40.60364037  173.35476228     0.030
POINT9     -42.12728732  171.46924929     0.028
POINT10    -42.33678838  172.70721228     0.031
POINT11    -43.80329859  172.95480605     0.016
POINT12    -43.17479431  170.47887933     0.027
POINT13    -44.33657523  171.33593065     0.032
POINT14    -45.86022138  170.38365181     0.025
POINT15    -43.80329833  169.48850950     0.030
POINT16    -45.23171646  167.08876889     0.130
POINT17    -46.71727353  168.74573199     0.026
POINT18    -47.15532133  167.45063150     0.037
POINT19    -37.82298532  176.44014727     0.029
POINT20    -38.81335532  176.07828128     0.029
POINT21    -37.46111931  177.52574526     0.029
POINT22    -42.85101930  174.40226940     0.031
POINT23    -42.33678834  169.41232635     0.029
POINT24    -45.95544934  171.86920759     0.026
POINT25    -43.59379732  166.34598744     0.038
POINT26    -46.60299621  166.07934944    -0.024
