BB3L       -45.24999995  168.75000109    -0.003
BDQ7       -41.25000017  174.74999992     0.001
BDQ8       -38.24999999 -178.75000003     0.000
BDQ8A      -38.24999999  178.74999997     0.000
BDQ9       -38.24999998  171.74999998     0.000
POINT1     -35.36610498  173.43094398     0.001
POINT2     -36.87070598  174.68795298     0.000
POINT3     -38.35626098  175.03077398     0.000
POINT4     -39.21331299  176.95437797     0.000
POINT5     -39.19426698  173.96422098     0.000
POINT6     -40.01322700  175.62118699     0.000
POINT7     -41.42259999  176.09732604    -0.001
POINT8     -40.60364002  173.35476196     0.001
POINT9     -42.12728696  171.46924895    -0.001
POINT10    -42.33678803  172.70721193     0.002
POINT11    -43.80329825  172.95480568    -0.013
POINT12    -43.17479395  170.47887897    -0.002
POINT13    -44.33657488  171.33593027     0.004
POINT14    -45.86022102  170.38365140    -0.004
POINT15    -43.80329796  169.48850913     0.001
POINT16    -45.23171608  167.08876851     0.102
POINT17    -46.71727317  168.74573157    -0.003
POINT18    -47.15532095  167.45063108     0.009
POINT19    -37.82298499  176.44014698     0.000
POINT20    -38.81335498  176.07828097     0.000
POINT21    -37.46111899  177.52574498     0.000
POINT22    -42.85101897  174.40226904     0.002
POINT23    -42.33678797  169.41232601     0.001
POINT24    -45.95544900  171.86920718    -0.002
POINT25    -43.59379692  166.34598708     0.009
POINT26    -46.60299583  166.07934903    -0.052
