BB3L       -45.24999733  168.74999627     0.017
BDQ7       -41.24999748  174.74999767     0.014
BDQ8       -38.24999739 -178.75000545     0.011
BDQ8A      -38.24999896  178.75000049     0.011
BDQ9       -38.24999658  171.75000030     0.012
POINT1     -35.36610164  173.43094463     0.010
POINT2     -36.87070273  174.68795349     0.011
POINT3     -38.35625789  175.03077424     0.012
POINT4     -39.21331137  176.95437805     0.012
POINT5     -39.19426378  173.96422105     0.012
POINT6     -40.01322438  175.62118592     0.013
POINT7     -41.42259788  176.09732222     0.012
POINT8     -40.60363673  173.35476147     0.014
POINT9     -42.12728353  171.46924852     0.013
POINT10    -42.33678504  172.70721002     0.016
POINT11    -43.80329586  172.95480131     0.003
POINT12    -43.17479048  170.47887789     0.013
POINT13    -44.33657248  171.33592610     0.021
POINT14    -45.86021861  170.38364696     0.017
POINT15    -43.80329477  169.48850733     0.016
POINT16    -45.23171345  167.08876225     0.025
POINT17    -46.71727060  168.74572706     0.017
POINT18    -47.15531834  167.45062702     0.019
POINT19    -37.82298211  176.44014732     0.011
POINT20    -38.81335248  176.07828158     0.012
POINT21    -37.46111716  177.52574573     0.011
POINT22    -42.85101656  174.40226453     0.017
POINT23    -42.33678438  169.41232599     0.014
POINT24    -45.95544659  171.86920232     0.017
POINT25    -43.59379318  166.34598695     0.018
POINT26    -46.60299520  166.07934585     0.009
