BB3L       -45.24999773  168.74999639     0.100
BDQ7       -41.24999791  174.74999779     0.096
BDQ8       -38.24999782 -178.75000533     0.091
BDQ8A      -38.24999940  178.75000061     0.091
BDQ9       -38.24999703  171.75000042     0.091
POINT1     -35.36610210  173.43094475     0.086
POINT2     -36.87070318  174.68795360     0.089
POINT3     -38.35625833  175.03077435     0.091
POINT4     -39.21331180  176.95437817     0.092
POINT5     -39.19426421  173.96422116     0.092
POINT6     -40.01322481  175.62118603     0.094
POINT7     -41.42259830  176.09732234     0.094
POINT8     -40.60363716  173.35476158     0.094
POINT9     -42.12728395  171.46924864     0.095
POINT10    -42.33678546  172.70721014     0.098
POINT11    -43.80329626  172.95480143     0.086
POINT12    -43.17479089  170.47887801     0.095
POINT13    -44.33657289  171.33592622     0.104
POINT14    -45.86021901  170.38364709     0.101
POINT15    -43.80329518  169.48850745     0.099
POINT16    -45.23171385  167.08876238     0.109
POINT17    -46.71727099  168.74572719     0.102
POINT18    -47.15531873  167.45062714     0.104
POINT19    -37.82298255  176.44014743     0.090
POINT20    -38.81335292  176.07828169     0.091
POINT21    -37.46111761  177.52574584     0.089
POINT22    -42.85101697  174.40226465     0.100
POINT23    -42.33678480  169.41232611     0.096
POINT24    -45.95544698  171.86920245     0.101
POINT25    -43.59379359  166.34598707     0.100
POINT26    -46.60299560  166.07934597     0.094
