BB3L       -45.24999996  168.75000112     0.001
BDQ7       -41.25000008  174.75000007    -0.006
BDQ8       -38.25000000 -178.75000000     0.000
BDQ8A      -38.25000000  178.75000000     0.002
BDQ9       -38.25000000  171.75000000     0.001
POINT1     -35.36610500  173.43094400     0.002
POINT2     -36.87070600  174.68795300     0.003
POINT3     -38.35626100  175.03077400     0.006
POINT4     -39.21331300  176.95437800     0.005
POINT5     -39.19426700  173.96422100     0.009
POINT6     -40.01322701  175.62118702     0.013
POINT7     -41.42260000  176.09732607    -0.009
POINT8     -40.60364003  173.35476198     0.020
POINT9     -42.12728698  171.46924897    -0.018
POINT10    -42.33678815  172.70720846     0.021
POINT11    -43.80329826  172.95480571     0.012
POINT12    -43.17479396  170.47887900     0.000
POINT13    -44.33657490  171.33593030     0.014
POINT14    -45.86022104  170.38365143     0.002
POINT15    -43.80329798  169.48850916     0.004
POINT16    -45.23171610  167.08876854     0.104
POINT17    -46.71727318  168.74573160     0.001
POINT18    -47.15532097  167.45063112     0.012
POINT19    -37.82298500  176.44014700     0.004
POINT20    -38.81335500  176.07828100     0.006
POINT21    -37.46111900  177.52574500     0.003
POINT22    -42.85101899  174.40226907     0.008
POINT23    -42.33678799  169.41232603    -0.004
POINT24    -45.95544902  171.86920721     0.004
POINT25    -43.59379694  166.34598711     0.010
POINT26    -46.60299585  166.07934906    -0.050
