BB3L       -45.24999757  168.74999595     0.065
BDQ7       -41.24999776  174.74999738     0.059
BDQ8       -38.24999769 -178.75000572     0.051
BDQ8A      -38.24999925  178.75000021     0.053
BDQ9       -38.24999686  171.75000002     0.056
POINT1     -35.36610193  173.43094437     0.052
POINT2     -36.87070302  174.68795322     0.053
POINT3     -38.35625818  175.03077396     0.055
POINT4     -39.21331166  176.95437777     0.055
POINT5     -39.19426405  173.96422076     0.056
POINT6     -40.01322466  175.62118563     0.057
POINT7     -41.42259816  176.09732193     0.057
POINT8     -40.60363700  173.35476118     0.059
POINT9     -42.12728379  171.46924823     0.059
POINT10    -42.33678531  172.70720972     0.062
POINT11    -43.80329612  172.95480100     0.050
POINT12    -43.17479073  170.47887759     0.060
POINT13    -44.33657273  171.33592579     0.068
POINT14    -45.86021885  170.38364665     0.065
POINT15    -43.80329502  169.48850702     0.064
POINT16    -45.23171368  167.08876194     0.074
POINT17    -46.71727083  168.74572674     0.066
POINT18    -47.15531857  167.45062669     0.069
POINT19    -37.82298240  176.44014704     0.053
POINT20    -38.81335277  176.07828130     0.055
POINT21    -37.46111746  177.52574546     0.052
POINT22    -42.85101683  174.40226423     0.062
POINT23    -42.33678463  169.41232569     0.061
POINT24    -45.95544683  171.86920200     0.064
POINT25    -43.59379342  166.34598665     0.067
POINT26    -46.60299543  166.07934553     0.059
