BB3L       -45.25002847  168.74985027     3.689
BDQ7       -41.25003092  174.74984950     3.494
BDQ8       -38.25003244 -178.75015014     3.353
BDQ8A      -38.25003234  178.74984982     3.335
BDQ9       -38.25003205  171.74984969     3.287
POINT1     -35.36613843  173.43079391     3.113
POINT2     -36.87073881  174.68780284     3.219
POINT3     -38.35629314  175.03062375     3.316
POINT4     -39.21334481  176.95422773     3.383
POINT5     -39.19429870  173.96407067     3.361
POINT6     -40.01325838  175.62103667     3.424
POINT7     -41.42263070  176.09717564     3.511
POINT8     -40.60367103  173.35461155     3.446
POINT9     -42.12731716  171.46909840     3.524
POINT10    -42.33681817  172.70706139     3.547
POINT11    -43.80332766  172.95465505     3.620
POINT12    -43.17482359  170.47872833     3.579
POINT13    -44.33660397  171.33577958     3.658
POINT14    -45.86024929  170.38350059     3.732
POINT15    -43.80332725  169.48835843     3.614
POINT16    -45.23174456  167.08861766     3.783
POINT17    -46.71730093  168.74558066     3.772
POINT18    -47.15534845  167.45048011     3.800
POINT19    -37.82301744  176.43999681     3.292
POINT20    -38.81338696  176.07813074     3.352
POINT21    -37.46115166  177.52559485     3.277
POINT22    -42.85104891  174.40211851     3.589
POINT23    -42.33681799  169.41217540     3.525
POINT24    -45.95547726  171.86905639     3.748
POINT25    -43.59382621  166.34583632     3.590
POINT26    -46.60302357  166.07919807     3.701
