BB3L       -45.25000178  168.75000416    -0.009
BDQ7       -41.25000225  174.75000339     0.011
BDQ8       -38.25000236 -178.74999625     0.040
BDQ8A      -38.25000226  178.75000371     0.023
BDQ9       -38.25000198  171.75000358    -0.025
POINT1     -35.36610707  173.43094780    -0.028
POINT2     -36.87070811  174.68795673    -0.012
POINT3     -38.35626311  175.03077764    -0.002
POINT4     -39.21331518  176.95438162     0.015
POINT5     -39.19426906  173.96422456    -0.005
POINT6     -40.01322913  175.62119056     0.010
POINT7     -41.42260212  176.09732953     0.018
POINT8     -40.60364206  173.35476544    -0.001
POINT9     -42.12728892  171.46925229    -0.007
POINT10    -42.33679002  172.70721528     0.005
POINT11    -43.80330024  172.95480894    -0.002
POINT12    -43.17479586  170.47888222    -0.009
POINT13    -44.33657681  171.33593347     0.008
POINT14    -45.86022290  170.38365448     0.003
POINT15    -43.80329983  169.48851232    -0.008
POINT16    -45.23171785  167.08877155     0.086
POINT17    -46.71727498  168.74573455    -0.001
POINT18    -47.15532272  167.45063400     0.005
POINT19    -37.82298717  176.44015070     0.005
POINT20    -38.81335715  176.07828463     0.007
POINT21    -37.46112122  177.52574874     0.011
POINT22    -42.85102102  174.40227240     0.018
POINT23    -42.33678984  169.41232929    -0.018
POINT24    -45.95545093  171.86921028     0.014
POINT25    -43.59379868  166.34599021    -0.020
POINT26    -46.60299756  166.07935196    -0.066
