BB3L       -45.25000006  168.75000107    -0.005
BDQ7       -41.25000029  174.74999992    -0.004
BDQ8       -38.25000010 -178.75000002    -0.006
BDQ8A      -38.25000010  178.74999998    -0.006
BDQ9       -38.25000010  171.74999996    -0.006
POINT1     -35.36610510  173.43094397    -0.006
POINT2     -36.87070610  174.68795297    -0.006
POINT3     -38.35626110  175.03077397    -0.006
POINT4     -39.21331310  176.95437797    -0.006
POINT5     -39.19426710  173.96422097    -0.005
POINT6     -40.01322711  175.62118699    -0.005
POINT7     -41.42260010  176.09732604    -0.006
POINT8     -40.60364013  173.35476195    -0.004
POINT9     -42.12728708  171.46924894    -0.005
POINT10    -42.33678814  172.70721192    -0.002
POINT11    -43.80329836  172.95480567    -0.017
POINT12    -43.17479406  170.47887896    -0.005
POINT13    -44.33657500  171.33593026     0.000
POINT14    -45.86022114  170.38365139    -0.006
POINT15    -43.80329808  169.48850912    -0.002
POINT16    -45.23171619  167.08876849     0.099
POINT17    -46.71727328  168.74573156    -0.005
POINT18    -47.15532107  167.45063107     0.007
POINT19    -37.82298510  176.44014697    -0.006
POINT20    -38.81335510  176.07828097    -0.006
POINT21    -37.46111910  177.52574497    -0.006
POINT22    -42.85101909  174.40226903    -0.002
POINT23    -42.33678808  169.41232599    -0.003
POINT24    -45.95544912  171.86920717    -0.005
POINT25    -43.59379704  166.34598706     0.006
POINT26    -46.60299595  166.07934901    -0.054
