BB3L       -45.24999885  168.74999951    -0.008
BDQ7       -41.24999925  174.75000127     0.010
BDQ8       -38.24999943 -178.75000156     0.040
BDQ8A      -38.25000091  178.75000434     0.023
BDQ9       -38.24999826  171.75000405    -0.025
POINT1     -35.36610340  173.43094859    -0.028
POINT2     -36.87070453  174.68795737    -0.012
POINT3     -38.35625970  175.03077803    -0.002
POINT4     -39.21331324  176.95438182     0.015
POINT5     -39.19426553  173.96422477    -0.005
POINT6     -40.01322619  175.62118961     0.010
POINT7     -41.42259969  176.09732583     0.018
POINT8     -40.60363845  173.35476509    -0.002
POINT9     -42.12728517  171.46925201    -0.009
POINT10    -42.33678673  172.70721352     0.004
POINT11    -43.80329753  172.95480472    -0.002
POINT12    -43.17479207  170.47888130    -0.010
POINT13    -44.33657410  171.33592945     0.008
POINT14    -45.86022018  170.38365020     0.005
POINT15    -43.80329633  169.48851068    -0.011
POINT16    -45.23171492  167.08876547    -0.009
POINT17    -46.71727211  168.74573021     0.000
POINT18    -47.15531981  167.45063011    -0.004
POINT19    -37.82298397  176.44015116     0.005
POINT20    -38.81335432  176.07828535     0.007
POINT21    -37.46111907  177.52574962     0.011
POINT22    -42.85101830  174.40226803     0.018
POINT23    -42.33678594  169.41232943    -0.020
POINT24    -45.95544820  171.86920558     0.014
POINT25    -43.59379463  166.34599026    -0.029
POINT26    -46.60299663  166.07934895    -0.025
