BB3L       -45.25000049  168.75000061     0.064
BDQ7       -41.25000076  174.74999950     0.059
BDQ8       -38.25000061 -178.75000041     0.051
BDQ8A      -38.25000060  178.74999958     0.053
BDQ9       -38.25000058  171.74999956     0.056
POINT1     -35.36610560  173.43094358     0.052
POINT2     -36.87070660  174.68795257     0.053
POINT3     -38.35626159  175.03077357     0.055
POINT4     -39.21331359  176.95437757     0.055
POINT5     -39.19426758  173.96422056     0.056
POINT6     -40.01322760  175.62118657     0.057
POINT7     -41.42260058  176.09732562     0.057
POINT8     -40.60364061  173.35476153     0.059
POINT9     -42.12728754  171.46924850     0.060
POINT10    -42.33678861  172.70721149     0.063
POINT11    -43.80329882  172.95480523     0.050
POINT12    -43.17479451  170.47887851     0.061
POINT13    -44.33657545  171.33592981     0.068
POINT14    -45.86022157  170.38365093     0.063
POINT15    -43.80329852  169.48850867     0.066
POINT16    -45.23171662  167.08876802     0.170
POINT17    -46.71727371  168.74573108     0.066
POINT18    -47.15532148  167.45063059     0.078
POINT19    -37.82298560  176.44014658     0.053
POINT20    -38.81335559  176.07828057     0.055
POINT21    -37.46111960  177.52574458     0.052
POINT22    -42.85101955  174.40226860     0.063
POINT23    -42.33678853  169.41232555     0.063
POINT24    -45.95544956  171.86920671     0.064
POINT25    -43.59379747  166.34598661     0.076
POINT26    -46.60299636  166.07934854     0.018
