BB3L       -45.25000065  168.75000104     0.099
BDQ7       -41.25000091  174.74999991     0.096
BDQ8       -38.25000075 -178.75000002     0.091
BDQ8A      -38.25000075  178.74999997     0.091
BDQ9       -38.25000074  171.74999995     0.091
POINT1     -35.36610576  173.43094396     0.086
POINT2     -36.87070676  174.68795296     0.089
POINT3     -38.35626175  175.03077396     0.091
POINT4     -39.21331374  176.95437797     0.092
POINT5     -39.19426774  173.96422096     0.092
POINT6     -40.01322775  175.62118698     0.093
POINT7     -41.42260073  176.09732603     0.094
POINT8     -40.60364076  173.35476193     0.095
POINT9     -42.12728770  171.46924892     0.096
POINT10    -42.33678876  172.70721190     0.099
POINT11    -43.80329897  172.95480565     0.086
POINT12    -43.17479467  170.47887894     0.097
POINT13    -44.33657560  171.33593024     0.104
POINT14    -45.86022173  170.38365136     0.099
POINT15    -43.80329868  169.48850909     0.101
POINT16    -45.23171678  167.08876846     0.204
POINT17    -46.71727386  168.74573153     0.102
POINT18    -47.15532164  167.45063103     0.114
POINT19    -37.82298575  176.44014697     0.090
POINT20    -38.81335574  176.07828096     0.091
POINT21    -37.46111975  177.52574497     0.089
POINT22    -42.85101970  174.40226902     0.100
POINT23    -42.33678870  169.41232597     0.098
POINT24    -45.95544970  171.86920715     0.101
POINT25    -43.59379764  166.34598703     0.109
POINT26    -46.60299652  166.07934898     0.052
