BB3L       -45.25000013  168.75000103     0.019
BDQ7       -41.25000036  174.74999988     0.021
BDQ8       -38.25000019 -178.75000006     0.019
BDQ8A      -38.25000018  178.74999994     0.019
BDQ9       -38.25000018  171.74999993     0.019
POINT1     -35.36610518  173.43094394     0.019
POINT2     -36.87070618  174.68795294     0.019
POINT3     -38.35626118  175.03077394     0.019
POINT4     -39.21331318  176.95437794     0.019
POINT5     -39.19426718  173.96422093     0.020
POINT6     -40.01322719  175.62118695     0.020
POINT7     -41.42260018  176.09732600     0.019
POINT8     -40.60364021  173.35476191     0.021
POINT9     -42.12728715  171.46924890     0.020
POINT10    -42.33678822  172.70721188     0.023
POINT11    -43.80329843  172.95480563     0.008
POINT12    -43.17479413  170.47887892     0.020
POINT13    -44.33657507  171.33593022     0.025
POINT14    -45.86022120  170.38365135     0.019
POINT15    -43.80329814  169.48850908     0.023
POINT16    -45.23171626  167.08876845     0.124
POINT17    -46.71727334  168.74573152     0.020
POINT18    -47.15532113  167.45063103     0.032
POINT19    -37.82298518  176.44014694     0.019
POINT20    -38.81335518  176.07828094     0.019
POINT21    -37.46111918  177.52574494     0.019
POINT22    -42.85101916  174.40226899     0.023
POINT23    -42.33678815  169.41232596     0.022
POINT24    -45.95544918  171.86920713     0.020
POINT25    -43.59379710  166.34598703     0.031
POINT26    -46.60299601  166.07934897    -0.029
