**** Cannot calculate AUCKHT1946 height ****  173.4735 -35.1636 0.0
 174.2540  -35.5149    38.510
 173.8052  -35.9636    35.532
 174.5857  -36.7441    34.206
 175.7564  -37.1929    33.443
 175.0345  -37.3685    32.584
 175.0735  -38.2856    29.411
 175.7954  -37.8953    30.577
 176.3223  -38.6368    26.561
**** Cannot calculate AUCKHT1946 height ****  178.5271 -37.6612 0.0
**** Cannot calculate AUCKHT1946 height ****  177.5906 -38.0319 0.0
**** Cannot calculate AUCKHT1946 height ****  177.0247 -39.0856 0.0
**** Cannot calculate AUCKHT1946 height ****  176.6735 -39.7100 0.0
**** Cannot calculate AUCKHT1946 height ****  175.7174 -39.2807 0.0
 174.5272  -38.6563    25.919
**** Cannot calculate AUCKHT1946 height ****  174.8198 -39.2612 0.0
**** Cannot calculate AUCKHT1946 height ****  174.8979 -39.8661 0.0
**** Cannot calculate AUCKHT1946 height ****  175.8540 -40.0612 0.0
**** Cannot calculate AUCKHT1946 height ****  176.2247 -40.6075 0.0
**** Cannot calculate AUCKHT1946 height ****  175.1906 -40.8221 0.0
**** Cannot calculate AUCKHT1946 height ****  175.4832 -41.3880 0.0
**** Cannot calculate AUCKHT1946 height ****  172.4394 -41.0953 0.0
**** Cannot calculate AUCKHT1946 height ****  171.5808 -41.7392 0.0
**** Cannot calculate AUCKHT1946 height ****  172.6930 -41.6807 0.0
**** Cannot calculate AUCKHT1946 height ****  173.8637 -41.3100 0.0
**** Cannot calculate AUCKHT1946 height ****  173.3759 -42.2075 0.0
**** Cannot calculate AUCKHT1946 height ****  172.6150 -42.9490 0.0
**** Cannot calculate AUCKHT1946 height ****  171.0540 -43.0465 0.0
**** Cannot calculate AUCKHT1946 height ****  171.7955 -42.4221 0.0
**** Cannot calculate AUCKHT1946 height ****  172.0296 -43.8660 0.0
**** Cannot calculate AUCKHT1946 height ****  171.8345 -43.4173 0.0
**** Cannot calculate AUCKHT1946 height ****  170.1369 -43.4758 0.0
**** Cannot calculate AUCKHT1946 height ****  171.1320 -44.3148 0.0
**** Cannot calculate AUCKHT1946 height ****  170.5272 -44.0612 0.0
**** Cannot calculate AUCKHT1946 height ****  169.0052 -44.1587 0.0
**** Cannot calculate AUCKHT1946 height ****  167.9711 -44.6660 0.0
**** Cannot calculate AUCKHT1946 height ****  167.5808 -45.8368 0.0
**** Cannot calculate AUCKHT1946 height ****  168.8101 -46.3051 0.0
**** Cannot calculate AUCKHT1946 height ****  167.5028 -47.3002 0.0
**** Cannot calculate AUCKHT1946 height ****  169.9028 -46.3051 0.0
**** Cannot calculate AUCKHT1946 height ****  169.0833 -45.6221 0.0
**** Cannot calculate AUCKHT1946 height ****  168.3223 -45.4075 0.0
**** Cannot calculate AUCKHT1946 height ****  169.9223 -45.5441 0.0
**** Cannot calculate AUCKHT1946 height ****  170.2930 -44.7636 0.0
**** Cannot calculate AUCKHT1946 height ****  169.2784 -44.8026 0.0
**** Cannot calculate AUCKHT1946 height ****  172.9857 -43.6319 0.0
**** Cannot calculate AUCKHT1946 height ****  172.7125 -40.5685 0.0
**** Cannot calculate AUCKHT1946 height ****  174.1954 -41.8173 0.0
**** Cannot calculate AUCKHT1946 height ****  178.3125 -38.5002 0.0
**** Cannot calculate AUCKHT1946 height ****  172.8101 -34.4807 0.0
**** Cannot calculate AUCKHT1946 height ****  173.7467 -39.2417 0.0
 176.7515  -37.8368    28.532

**** Cannot calculate AUCKHT1946 height ****  166.4101 -45.8563 0.0
