BB3L       -45.24999723  168.74999621     0.002
BDQ7       -41.24999739  174.74999762     0.001
BDQ8       -38.24999729 -178.75000549    -0.003
BDQ8A      -38.24999886  178.75000044    -0.002
BDQ9       -38.24999648  171.75000026    -0.001
POINT1     -35.36610153  173.43094459    -0.002
POINT2     -36.87070262  174.68795344    -0.002
POINT3     -38.35625779  175.03077419    -0.001
POINT4     -39.21331127  176.95437800    -0.002
POINT5     -39.19426367  173.96422100    -0.001
POINT6     -40.01322428  175.62118587     0.000
POINT7     -41.42259779  176.09732217    -0.001
POINT8     -40.60363663  173.35476142     0.000
POINT9     -42.12728343  171.46924847    -0.001
POINT10    -42.33678495  172.70720997     0.003
POINT11    -43.80329576  172.95480125    -0.011
POINT12    -43.17479038  170.47887784    -0.001
POINT13    -44.33657239  171.33592605     0.007
POINT14    -45.86021852  170.38364691     0.003
POINT15    -43.80329467  169.48850727     0.002
POINT16    -45.23171335  167.08876220     0.011
POINT17    -46.71727051  168.74572701     0.003
POINT18    -47.15531825  167.45062696     0.005
POINT19    -37.82298200  176.44014727    -0.002
POINT20    -38.81335238  176.07828153    -0.002
POINT21    -37.46111706  177.52574568    -0.002
POINT22    -42.85101647  174.40226448     0.003
POINT23    -42.33678428  169.41232594     0.001
POINT24    -45.95544650  171.86920227     0.002
POINT25    -43.59379308  166.34598690     0.005
POINT26    -46.60299511  166.07934579    -0.005
